chain start 2026-09-25T09:23:00Z, nsims=200000
copied 209 files kuminga\outputs -> kuminga\outputs\.chain_snapshot: ['C2_moves_ceiling_vs_not.csv', 'C2_teams_ceiling_vs_not.csv', 'PROVENANCE.csv', 'PROVENANCE.md', 'R3_apron_failure_table.csv', 'S1_shapley_slot_comparison.csv', 'T1_all30_before_after.csv', 'T1_all30_before_after_NOCEILING.csv', 'T2_west_ranking.csv', 'T3_shapley.csv', 'T4_scenario_fan.csv', 'T5_surplus.csv', 'T6_counterfactual_fives.csv', 'T7_cap_branches.csv', 'T8_player_option.csv', 'T9_lineup_evidence.csv', 'aging_applied.csv', 'aging_curve.csv', 'aging_curve_nosurv.csv', 'apron_reconcile_all30.csv', 'audit_series.csv', 'backtest_calibration.csv', 'backtest_calibration_summary.csv', 'baseline_decomposition.csv', 'c1_champion_top8.csv', 'c1_champions.csv', 'c1_contender_top8.csv', 'c1_contenders.csv', 'c2_edwards_clock.csv', 'c2_facts.csv', 'c2_stage_departures.csv', 'c3_ball_availability.csv', 'c3_ball_availability_AGED.csv', 'c3_ball_history.csv', 'c3_ball_minutes.csv', 'c3_ball_minutes_AGED.csv', 'c3_ball_missed_stretches.csv', 'c3_base_rate_cohort.csv', 'c3_base_rate_summary.csv', 'c3_player_seasons_panel.csv', 'c4_ledger.csv', 'canonical_figures.csv', 'canonical_figures.md', 'cap_branches.csv', 'cap_branches.md', 'cap_branches_canonical.csv', 'cap_canonical.json', 'cap_reconciliation.csv', 'cap_reconciliation.md', 'champions_h1.csv', 'champions_h2_base_rates.csv', 'coherence_checks.csv', 'counterfactual_fives.csv', 'counterfactual_fives_NOCEILING.csv', 'd70_before_after.csv', 'dosunmu_cap.csv', 'dosunmu_final_states.csv', 'f1_disagreement_ranking.csv', 'f1_rollup_decomposition.csv', 'f4a_per_view_disagreement.csv', 'f4b_tail_players.csv', 'f4c_top_heaviness.csv', 'f4d_topheaviness_series.csv', 'fcurve_min.csv', 'fcurve_min.part_box.csv', 'fcurve_min.part_consensus.csv', 'fcurve_min.part_darko.csv', 'fcurve_min.part_rapm.csv', 'fcurve_min_NOCEILING.csv', 'final_numbers.csv', 'final_numbers.md', 'gate_prose_draft_full.csv', 'gate_prose_draft_short.csv', 'gate_prose_index.csv', 'gate_prose_methods.csv', 'gate_prose_part1.csv', 'gate_prose_part1_quotes.csv', 'gate_prose_part1_short.csv', 'gate_prose_part2.csv', 'gate_prose_part2_quotes.csv', 'gate_prose_part2_short.csv', 'gate_prose_part3.csv', 'gate_prose_part3_quotes.csv', 'gate_prose_part3_short.csv', 'gate_prose_part4.csv', 'gate_prose_part4_quotes.csv', 'gate_prose_part4_short.csv', 'green_asset_cost.csv', 'green_kept.csv', 'green_resolution.csv', 'green_resolution.md', 'h1_champion_sheet.csv', 'h3_sample.csv', 'h3_separation.csv', 'h3_separation_style_eleven.csv', 'h3_tendency.csv', 'h4_knicks_case_file.csv', 'h5_minnesota_sheet.csv', 'h5_watch_routes.csv', 'kuminga_cap_gate.json', 'kuminga_minutes_sensitivity.csv', 'kuminga_play_types.csv', 'kuminga_shot_profile.csv', 'kuminga_surplus_by_fork.csv', 'lede_loophole.csv', 'lede_loophole.md', 'lineup_evidence.csv', 'm1_style_features.csv', 'm1_style_model_fit.csv', 'm3_key_matchups.csv', 'm3_opponent_cards.csv', 'm3_primary_defender_check.csv', 'm4_lineups.csv', 'm5_creation_shares.csv', 'm5_pairing_base_rates.csv', 'm5_pairing_panel.csv', 'm5_unit_usage.csv', 'market_comparison.csv', 'market_devig_2026_27.csv', 'methods.masked.md', 'minutes_rank_curve.csv', 'morning_report_v2.masked.md', 'mover_minutes_base_rate.csv', 'mover_minutes_cohort.csv', 'n2_path.csv', 'n2_round1_opponents.csv', 'n3_series_frame.csv', 'n3_team_features.csv', 'n3_translation_tests.csv', 'n3_translation_tests_posthoc.csv', 'n3_translation_tests_team_level.csv', 'n4_matchup_repeatability.csv', 'n4_min_matchups.csv', 'n4_versatility_index.csv', 'n5_fragility.csv', 'n5_fragility_AGED.csv', 'n5_next_man_up.csv', 'n5_next_man_up_AGED.csv', 'n6_gsw_analog.csv', 'n6_ledger.csv', 'n6_postseason.csv', 'n6_primary_defender.csv', 'n7_gates.csv', 'n7_late_clock_splits.csv', 'n8_watch_list.csv', 'n8_watch_list_champion_ranks.csv', 'n8_watch_list_december.csv', 'named_scenarios.csv', 'named_scenarios_NOCEILING.csv', 'named_scenarios_POOLED.csv', 'noise_floor.csv', 'noise_floor_AGED.csv', 'noise_floor_slot.csv', 'noise_floor_slot_AGED.csv', 'par_curves_by_fork.csv', 'piece_v2_draft_full.masked.md', 'piece_v2_draft_short.masked.md', 'piece_v2_skeleton.masked.md', 'player_option.csv', 'player_pool_2026_27.csv', 'r2_departures_absorbers.csv', 'r2_departures_players.csv', 'r2_departures_split_shapley.csv', 'r2_departures_split_shapley_verdicts.csv', 'r5_disagreements_bases.csv', 'r5_honesty_rail_bases.csv', 'r5_shapley_williams.csv', 'r5_shapley_williams_vall.csv', 'r5_shapley_williams_verdicts.csv', 'r7_allocator_slots.csv', 'r7_allocator_verdicts.csv', 'reconcile_skeleton.csv', 'render_keys_used.csv', 'rookie_priors.csv', 'roster_v2_gates.csv', 'roster_v2_gates.json', 'roster_v2_membership_diff.csv', 'roster_v3_gates.csv', 'roster_v3_gates.json', 'rotations_2026_27.csv', 'rotations_2026_27_NOCEILING.csv', 'scenario_fan.csv', 'scenario_fan_NOCEILING.csv', 'seed_distribution.csv', 'series_facts.csv', 'shapley_min.csv', 'shapley_min_NOCEILING.csv', 'shapley_min_POOLED.csv', 'shapley_order_spread.csv', 'shapley_order_spread_POOLED.csv', 'sim_all30_2026_27.csv', 'sim_all30_2026_27_NOCEILING.csv', 'sim_matchups_2026_27.csv', 'sim_roster_diff_v1_v3.csv', 'slot_alternatives.csv', 'slot_constrained.csv', 'slot_robustness.csv', 'spacing_table.csv', 'spacing_teams.csv', 'team_pool_shares.csv', 'team_state_diff_2026_27.csv', 'team_strengths_2026_27.csv', 'team_strengths_2026_27_NOCEILING.csv', 'w1_verdict_comparison.csv', 'w1c_delta_decomposition.csv', 'w2_aging_gate.csv', 'williams_minutes_sensitivity.csv', 'williams_ordering_check.csv', 'williams_projected_ten.csv']
[09:23:00] START adapt_roster_v3   
[09:23:22] adapt_roster_v3 rc=0
SAS    14
TOR    13
UTA    14
WAS    14
[09:23:22] START build_rotations   
[09:23:24] build_rotations rc=0
        7  Nah'Shon Hyland 18.38           0.78      16.58  player_value       1.0
        8     Jaylen Clark 15.58           0.46      13.06  player_value       1.0
        9    Joan Beringer 10.85           2.84       7.85  player_value       1.0
       10       Trey Lyles  9.00           0.24       6.00  player_value       1.0
[09:23:24] START build_strengths   
[09:23:27] build_strengths rc=0
GSW       -0.83      -3.58  -1.89 -3.80 -2.52
MEM       -2.88      -3.42  -1.48 -3.32 -2.78
LAC       -2.71      -4.15  -4.08 -3.85 -3.70
UTA       -4.27      -5.29  -0.41 -5.31 -3.82
[09:23:27] START run_sim   
[09:29:46] run_sim rc=0
CLE        0.09      -3.73  -3.12  -3.89 -2.66
NYK       -1.56      -4.17  -3.72  -4.04 -3.37
DET       -1.48      -7.90  -0.61  -7.82 -4.45
OKC       -3.31      -6.89  -2.27  -7.83 -5.07
[09:29:46] START build_fcurve[consensus]   KUMINGA_FCURVE_FORK=consensus KUMINGA_FCURVE_NSIMS=200000
[09:29:46] START build_fcurve[rapm]   KUMINGA_FCURVE_FORK=rapm KUMINGA_FCURVE_NSIMS=200000
[09:29:46] START build_fcurve[box]   KUMINGA_FCURVE_FORK=box KUMINGA_FCURVE_NSIMS=200000
[09:29:46] START build_fcurve[darko]   KUMINGA_FCURVE_FORK=darko KUMINGA_FCURVE_NSIMS=200000
[12:10:25] build_fcurve[consensus] rc=0
     8.5 0.1509 0.4786  0.2728
     9.0 0.1690 0.5082  0.2973
     9.5 0.1882 0.5373  0.3226
    10.0 0.2082 0.5653  0.3470
[12:14:26] build_fcurve[rapm] rc=0
[run] build_fcurve_20260925T142949Z -> ok
Empty DataFrame
Columns: [min_net, title, cf, finals]
Index: []
[12:14:26] build_fcurve[box] rc=0
[run] build_fcurve_20260925T142948Z -> ok
Empty DataFrame
Columns: [min_net, title, cf, finals]
Index: []
[12:15:02] build_fcurve[darko] rc=0
[run] build_fcurve_20260925T142951Z -> ok
Empty DataFrame
Columns: [min_net, title, cf, finals]
Index: []
[12:15:02] START merge_fcurve_parts   
[12:15:03] merge_fcurve_parts rc=0
  [merge_fcurve_parts_20260925T171503Z]   box        29 grid rows
  [merge_fcurve_parts_20260925T171503Z]   darko      29 grid rows
  [merge_fcurve_parts_20260925T171503Z] merged 116 rows into kuminga\outputs\fcurve_min.csv
[run] merge_fcurve_parts_20260925T171503Z -> ok
[12:15:03] START shapley   
[12:15:07] shapley rc=0
           depth    0.538  -0.920   2.855      3.776
      ddv_injury   -0.482  -2.620   0.498      3.119
      kuminga_in    0.401  -0.552   2.433      2.985
other_departures   -1.358  -3.735   0.380      4.115
[12:15:07] START shapley  --pooled 
[12:15:10] shapley rc=0
           depth   -0.003  -0.419   0.323      0.742
      ddv_injury   -0.225  -0.527   0.000      0.527
      kuminga_in    0.155   0.000   0.454      0.454
other_departures   -0.254  -0.686   0.341      1.027
[12:15:10] START compare_slot_shapley   
[12:15:11] compare_slot_shapley rc=0
      randle_out             True frontcourt            MIXED              MIXED    False         -0.316           -0.062     False
dosunmu_retained             True      guard            MIXED              MIXED    False         -0.397           -0.268     False
        reid_out             True frontcourt     ALL NEGATIVE       ALL NEGATIVE    False         -0.809           -0.355      True
      ddv_injury            False        n/a     ALL NEGATIVE       ALL NEGATIVE    False         -0.766           -0.417     False
[12:15:11] START slot_robustness   
[12:15:13] slot_robustness rc=0
       B_lyles_fills                          Trey Lyles +26.1               0.0         0.510    0.672   0.138    -0.840    0.120          MIXED
  C_mcdaniels_slides Jaden McDaniels +4.0; Cody Williams +22.1               0.0         1.411    1.815   1.151     1.027    1.351   ALL POSITIVE
    D_beringer_fills Joan Beringer +25.1; Jaden McDaniels +0.9               0.0        -0.486   -0.973  -2.643    -1.804   -1.476   ALL NEGATIVE
E_tight_rule_F_or_FC Jaden McDaniels +2.7; Cody Williams +23.3               0.0         1.455    1.874   1.194     1.118    1.410   ALL POSITIVE
[12:15:13] START slot_analysis   
[12:15:15] slot_analysis rc=0
    Jaxson Hayes  Center-Forward        False 6000000                 True           1.85    1.83          1.82          0.09     0.05    0.19      0.84     0.29   ALL POSITIVE     False centre-first listing, not a 4
Kenrich Williams   Guard-Forward         True 5000000                 True          -0.17    2.00          1.99         -0.63    -1.13    0.16      0.84    -0.19          MIXED     False posterior sd 1.99 exceeds 1.5
      Al Horford  Center-Forward        False 6822000                False           3.14    1.67          1.67          0.65     0.74    0.65      0.00     0.51          MIXED     False centre-first listing, not a 4
       Dean Wade  Forward-Center         True 9000000                False           3.45    1.73          1.73          0.83     1.56   -0.04      1.84     1.05          MIXED     False posterior sd 1.73 exceeds 1.5
[12:15:15] START player_option   
[12:15:16] player_option rc=0
     rapm declines        11819820.479      0.759                    0.698                0.302            10188274.853
      box     flat         7077068.302      0.535                    0.500                0.500            10764613.412
      box improves        11228808.924      0.648                    0.614                0.386            15170401.181
      box declines         3939034.480      0.418                    0.384                0.616             7186157.624
[12:15:16] START seed_distribution   
[12:15:20] seed_distribution rc=0
fork           box consensus  darko   rapm           box consensus  darko   rapm            box consensus  darko   rapm    box consensus  darko   rapm
field                                                                                                                                                 
baseline     5.632     5.649  5.644  5.641         0.270     0.272  0.270  0.269          0.729     0.727  0.729  0.730  0.241     0.237  0.237  0.238
current      6.188     6.226  4.924  5.465         0.448     0.432  0.119  0.188          0.552     0.568  0.881  0.812  0.109     0.073  0.363  0.198
[12:15:20] START counterfactuals   
[12:15:22] counterfactuals rc=0
alt_jaxsonhayes        0.19       0.08   0.84  0.05  0.29
actual                 0.00       0.00   0.00  0.00  0.00
mcdaniels_4_next_wing  0.22      -0.48   0.77 -0.77 -0.07
alt_kenrichwilliams    0.17      -0.62   0.77 -1.11 -0.20
[12:15:22] START eval_signing   
[12:15:23] eval_signing rc=0
      box taxpayer_mle_2026_27  6064000          0.2         -0.0             6614092.6    550092.6          20069074.7
      box  atl_option_declined 24300000          0.2         -0.8             6614092.6 -17685907.4          20069074.7
    darko taxpayer_mle_2026_27  6064000         -1.0         -0.5             2760454.5  -3303545.5          16010973.3
    darko  atl_option_declined 24300000         -1.0         -1.8             2760454.5 -21539545.5          16010973.3
[12:15:23] START green_kept   
[12:15:25] green_kept rc=0
  [green_kept_20260925T171525Z]   darko      without 1.746%  with 1.778%  marginal +0.032pp
  [green_kept_20260925T171525Z] VERDICT, keeping Green: MIXED [-0.234, +0.113]pp, mean -0.018pp
  [green_kept_20260925T171525Z] RULING: not positive under all four, so it stays in the appendix and the piece does not attach an on-court cost to losing Green.
[run] green_kept_20260925T171525Z -> ok
[12:15:25] START lede_loophole   
[12:15:26] lede_loophole rc=0
      max first-year salary, 15-man roster   2706408.00                                            44.6% of the exception, after a rookie-minimum 15th man at $1,357,763
       two-year value of the loophole deal   8331550.55                                                               $4,064,171 then $4,267,380 at the 5% maximum raise
                two-year value as reported  12431200.00                                                                         $6,064,000 then $6,367,200 player option
           what the loophole costs KUMINGA   4099649.45                                                                       the reason it is a loophole and not a plan
[12:15:26] START build_outputs   
[12:15:27] build_outputs rc=0
      SAC    W                  28                 27                 1               25.81              25.67            -0.14                    0.00                0.00                0.00          MIXED
      MEM    W                  24                 28                -4               31.81              25.60            -6.21                    0.00               -0.00               -0.00   ALL NEGATIVE
      UTA    W                  27                 29                -2               28.37              19.81            -8.56                    0.00                0.00                0.00          MIXED
      WAS    E                  30                 30                 0               22.46              19.77            -2.69                    0.00                0.00                0.00          MIXED
[12:15:27] START williams_minutes_sensitivity   
[12:15:30] williams_minutes_sensitivity rc=0
           16          16.0       1.447      -1.009 ALL NEGATIVE      0.326           -0.111        MIXED
           12          12.0       1.724      -0.732 ALL NEGATIVE      0.415            0.166        MIXED
            8           8.0       2.033      -0.424        MIXED      0.511            0.474        MIXED
            0           0.0       2.756       0.300        MIXED      0.704            1.198 ALL POSITIVE
[12:15:30] START w1c_decompose   
[12:15:33] w1c_decompose rc=0
consensus           -0.389        0.418            0.0          0.0      0.030
     rapm            0.338        0.291            0.0          0.0      0.629
      box            0.319        0.669            0.0          0.0      0.989
    darko            0.932        1.750            0.0          0.0      2.682
[12:15:33] START n2_path   
[12:15:33] n2_path rc=0
consensus  0.3173  0.1242  0.0495  0.0183
rapm       0.3933  0.1527  0.0646  0.0249
box        0.3584  0.1514  0.0634  0.0279
darko      0.4568  0.1956  0.0871  0.0388
[12:15:33] START m4_lineup_study   
[12:15:56] m4_lineup_study rc=1
  File "C:\Users\bobby\anaconda3\Lib\site-packages\psycopg2\__init__.py", line 122, in connect
    conn = _connect(dsn, connection_factory=connection_factory, **kwasync)
psycopg2.OperationalError: connection to server at "100.69.186.94", port 5432 failed: Connection timed out (0x0000274C/10060)
	Is the server running on that host and accepting TCP/IP connections?
