chain start 2026-09-19T18:26:44Z, nsims=200000
copied 164 files kuminga\outputs -> kuminga\outputs\.chain_snapshot: ['C2_moves_ceiling_vs_not.csv', 'C2_teams_ceiling_vs_not.csv', 'PROVENANCE.csv', 'PROVENANCE.md', 'R3_apron_failure_table.csv', 'S1_shapley_slot_comparison.csv', 'T1_all30_before_after.csv', 'T1_all30_before_after_NOCEILING.csv', 'T2_west_ranking.csv', 'T3_shapley.csv', 'T4_scenario_fan.csv', 'T5_surplus.csv', 'T6_counterfactual_fives.csv', 'T7_cap_branches.csv', 'T8_player_option.csv', 'T9_lineup_evidence.csv', 'aging_applied.csv', 'aging_curve.csv', 'aging_curve_nosurv.csv', 'apron_reconcile_all30.csv', 'backtest_calibration.csv', 'backtest_calibration_summary.csv', 'baseline_decomposition.csv', 'canonical_figures.csv', 'canonical_figures.md', 'cap_branches.csv', 'cap_branches.md', 'cap_branches_canonical.csv', 'cap_canonical.json', 'cap_reconciliation.csv', 'cap_reconciliation.md', 'champions_h1.csv', 'champions_h2_base_rates.csv', 'coherence_checks.csv', 'counterfactual_fives.csv', 'counterfactual_fives_NOCEILING.csv', 'd70_before_after.csv', 'dosunmu_cap.csv', 'dosunmu_final_states.csv', 'f1_disagreement_ranking.csv', 'f1_rollup_decomposition.csv', 'f4a_per_view_disagreement.csv', 'f4b_tail_players.csv', 'f4c_top_heaviness.csv', 'f4d_topheaviness_series.csv', 'fcurve_min.csv', 'fcurve_min.part_box.csv', 'fcurve_min.part_consensus.csv', 'fcurve_min.part_darko.csv', 'fcurve_min.part_rapm.csv', 'fcurve_min_NOCEILING.csv', 'final_numbers.csv', 'final_numbers.md', 'green_asset_cost.csv', 'green_kept.csv', 'green_resolution.csv', 'green_resolution.md', 'h1_champion_sheet.csv', 'h3_separation.csv', 'h4_knicks_case_file.csv', 'h5_minnesota_sheet.csv', 'h5_watch_routes.csv', 'kuminga_cap_gate.json', 'kuminga_minutes_sensitivity.csv', 'kuminga_play_types.csv', 'kuminga_shot_profile.csv', 'kuminga_surplus_by_fork.csv', 'lede_loophole.csv', 'lede_loophole.md', 'lineup_evidence.csv', 'm1_style_features.csv', 'm1_style_model_fit.csv', 'm3_key_matchups.csv', 'm3_opponent_cards.csv', 'm3_primary_defender_check.csv', 'm4_lineups.csv', 'm5_creation_shares.csv', 'm5_pairing_base_rates.csv', 'm5_pairing_panel.csv', 'm5_unit_usage.csv', 'market_comparison.csv', 'market_devig_2026_27.csv', 'minutes_rank_curve.csv', 'morning_report_v2.masked.md', 'n2_path.csv', 'n2_round1_opponents.csv', 'n3_series_frame.csv', 'n3_team_features.csv', 'n3_translation_tests.csv', 'n3_translation_tests_posthoc.csv', 'n3_translation_tests_team_level.csv', 'n4_matchup_repeatability.csv', 'n4_min_matchups.csv', 'n4_versatility_index.csv', 'n5_fragility.csv', 'n5_fragility_AGED.csv', 'n5_next_man_up.csv', 'n5_next_man_up_AGED.csv', 'n6_gsw_analog.csv', 'n6_ledger.csv', 'n6_postseason.csv', 'n6_primary_defender.csv', 'n7_gates.csv', 'n7_late_clock_splits.csv', 'n8_watch_list.csv', 'n8_watch_list_champion_ranks.csv', 'n8_watch_list_december.csv', 'named_scenarios.csv', 'named_scenarios_NOCEILING.csv', 'named_scenarios_POOLED.csv', 'noise_floor.csv', 'noise_floor_AGED.csv', 'noise_floor_slot.csv', 'noise_floor_slot_AGED.csv', 'par_curves_by_fork.csv', 'piece_v2_skeleton.masked.md', 'player_option.csv', 'player_pool_2026_27.csv', 'r2_departures_absorbers.csv', 'r2_departures_players.csv', 'r2_departures_split_shapley.csv', 'r2_departures_split_shapley_verdicts.csv', 'r5_disagreements_bases.csv', 'r5_honesty_rail_bases.csv', 'r5_shapley_williams.csv', 'r5_shapley_williams_vall.csv', 'r5_shapley_williams_verdicts.csv', 'r7_allocator_slots.csv', 'r7_allocator_verdicts.csv', 'reconcile_skeleton.csv', 'render_keys_used.csv', 'rookie_priors.csv', 'roster_v2_gates.csv', 'roster_v2_gates.json', 'roster_v2_membership_diff.csv', 'roster_v3_gates.csv', 'roster_v3_gates.json', 'rotations_2026_27.csv', 'rotations_2026_27_NOCEILING.csv', 'scenario_fan.csv', 'scenario_fan_NOCEILING.csv', 'seed_distribution.csv', 'shapley_min.csv', 'shapley_min_NOCEILING.csv', 'shapley_min_POOLED.csv', 'shapley_order_spread.csv', 'shapley_order_spread_POOLED.csv', 'sim_all30_2026_27.csv', 'sim_all30_2026_27_NOCEILING.csv', 'sim_matchups_2026_27.csv', 'sim_roster_diff_v1_v3.csv', 'slot_alternatives.csv', 'slot_constrained.csv', 'slot_robustness.csv', 'spacing_table.csv', 'spacing_teams.csv', 'team_pool_shares.csv', 'team_state_diff_2026_27.csv', 'team_strengths_2026_27.csv', 'team_strengths_2026_27_NOCEILING.csv', 'w1_verdict_comparison.csv', 'w1c_delta_decomposition.csv', 'w2_aging_gate.csv', 'williams_minutes_sensitivity.csv']
[18:26:44] START w2_aging_gate   
[18:26:45] w2_aging_gate rc=0
  slot variant   C_mcdaniels_slides ALL POSITIVE ALL POSITIVE        0.534      0.643   True
  slot variant     D_beringer_fills ALL NEGATIVE ALL NEGATIVE       -1.034     -1.840   True
  slot variant E_tight_rule_F_or_FC ALL POSITIVE ALL POSITIVE        0.536      0.641   True
      headline      offseason delta ALL NEGATIVE        MIXED       -1.252     -0.543  False
[18:26:45] START r5_shapley_williams   
[18:29:21] r5_shapley_williams rc=0
  [r5_shapley_williams_20260919T232647Z]   dosunmu_retained           -0.195 / -0.269  MIXED        / MIXED         4/4, 4/4  +0.026 / +0.032  no
  [r5_shapley_williams_20260919T232647Z]   reid_out                   -0.326 / -0.395  ALL NEGATIVE / ALL NEGATIVE  4/4, 4/4  +0.188 / +0.272  SHIPS
  [r5_shapley_williams_20260919T232647Z]   ddv_injury                 -0.387 / -0.326  ALL NEGATIVE / ALL NEGATIVE  4/4, 4/4  +0.140 / +0.030  SHIPS
[run] r5_shapley_williams_20260919T232647Z -> ok
[18:29:21] START r5_honesty_rail_bases   
[18:29:23] r5_honesty_rail_bases rc=0
  [r5_honesty_rail_bases_20260919T232922Z]   changes between bases: MIA un-aged ALL-VIEWS, aged MIXED (not a disagreement)
  [r5_honesty_rail_bases_20260919T232922Z]   changes between bases: ATL un-aged MIXED, aged ALL-VIEWS
  [r5_honesty_rail_bases_20260919T232922Z]   changes between bases: CHA un-aged MIXED, aged ALL-VIEWS
[run] r5_honesty_rail_bases_20260919T232922Z -> ok
[18:29:23] START r2_departures   
[18:31:15] r2_departures rc=0
  [r2_departures_20260919T232924Z]   Anthony Edwards         24.4 ->  30.1  (+5.8)
  [r2_departures_20260919T232924Z]   Ayo Dosunmu             16.1 ->  22.1  (+6.0)
  [r2_departures_20260919T232924Z]   Cody Williams            7.3 ->  13.9  (+6.6)
[run] r2_departures_20260919T232924Z -> ok
[18:31:15] START r7_allocator_agreement   
[18:31:18] r7_allocator_agreement rc=0
  [r7_allocator_agreement_20260919T233117Z]   D_beringer_fills       pooled -0.722 / -1.308 | team-rank -1.034 / -1.840 | clearing 4,4,4,4 | ALL NEGATIVE -> SHIPS
  [r7_allocator_agreement_20260919T233117Z]   E_tight_rule_F_or_FC   pooled +0.439 / +0.563 | team-rank +0.536 / +0.641 | clearing 4,4,4,4 | ALL POSITIVE -> SHIPS
  [r7_allocator_agreement_20260919T233117Z] ships under all four cells: 7 of 13
[run] r7_allocator_agreement_20260919T233117Z -> ok
[18:31:18] START build_final_numbers   
[18:31:20] build_final_numbers rc=0
[run] build_final_numbers_20260919T233119Z
  [build_final_numbers_20260919T233119Z] 866 figures on the sheet across 9 sections
[run] build_final_numbers_20260919T233119Z -> ok
[18:31:20] START render_piece   
[18:31:21] render_piece rc=0
  [render_piece_20260919T233121Z] rendered piece_v2_skeleton.template.md -> piece_v2_skeleton.md
  [render_piece_20260919T233121Z] rendered morning_report_v2.template.md -> morning_report_v2.md
  [render_piece_20260919T233121Z] 741 distinct sheet keys used
[run] render_piece_20260919T233121Z -> ok
[18:31:21] START reconcile_figures   
[18:31:22] reconcile_figures rc=1
  File "C:\Users\bobby\playground\wolves-front-office\kuminga\scripts\reconcile_figures.py", line 201, in main
    raise RuntimeError("C2 failed: the skeleton quotes a figure that is not on the sheet, "
                       "or carries a retracted one")
RuntimeError: C2 failed: the skeleton quotes a figure that is not on the sheet, or carries a retracted one
