chain start 2026-09-19T11:23:31Z, nsims=200000
copied 163 files kuminga\outputs -> kuminga\outputs\.chain_snapshot: ['C2_moves_ceiling_vs_not.csv', 'C2_teams_ceiling_vs_not.csv', 'PROVENANCE.csv', 'PROVENANCE.md', 'R3_apron_failure_table.csv', 'S1_shapley_slot_comparison.csv', 'T1_all30_before_after.csv', 'T1_all30_before_after_NOCEILING.csv', 'T2_west_ranking.csv', 'T3_shapley.csv', 'T4_scenario_fan.csv', 'T5_surplus.csv', 'T6_counterfactual_fives.csv', 'T7_cap_branches.csv', 'T8_player_option.csv', 'T9_lineup_evidence.csv', 'aging_applied.csv', 'aging_curve.csv', 'apron_reconcile_all30.csv', 'backtest_calibration.csv', 'backtest_calibration_summary.csv', 'baseline_decomposition.csv', 'canonical_figures.csv', 'canonical_figures.md', 'cap_branches.csv', 'cap_branches.md', 'cap_branches_canonical.csv', 'cap_canonical.json', 'cap_reconciliation.csv', 'cap_reconciliation.md', 'champions_h1.csv', 'champions_h2_base_rates.csv', 'coherence_checks.csv', 'counterfactual_fives.csv', 'counterfactual_fives_NOCEILING.csv', 'd70_before_after.csv', 'dosunmu_cap.csv', 'dosunmu_final_states.csv', 'f1_disagreement_ranking.csv', 'f1_rollup_decomposition.csv', 'f4a_per_view_disagreement.csv', 'f4b_tail_players.csv', 'f4c_top_heaviness.csv', 'f4d_topheaviness_series.csv', 'fcurve_min.csv', 'fcurve_min.part_box.csv', 'fcurve_min.part_consensus.csv', 'fcurve_min.part_darko.csv', 'fcurve_min.part_rapm.csv', 'fcurve_min_NOCEILING.csv', 'final_numbers.csv', 'final_numbers.md', 'green_asset_cost.csv', 'green_kept.csv', 'green_resolution.csv', 'green_resolution.md', 'h1_champion_sheet.csv', 'h3_separation.csv', 'h4_knicks_case_file.csv', 'h5_minnesota_sheet.csv', 'h5_watch_routes.csv', 'kuminga_cap_gate.json', 'kuminga_minutes_sensitivity.csv', 'kuminga_play_types.csv', 'kuminga_shot_profile.csv', 'kuminga_surplus_by_fork.csv', 'lede_loophole.csv', 'lede_loophole.md', 'lineup_evidence.csv', 'm1_style_features.csv', 'm1_style_model_fit.csv', 'm3_key_matchups.csv', 'm3_opponent_cards.csv', 'm3_primary_defender_check.csv', 'm4_lineups.csv', 'm5_creation_shares.csv', 'm5_pairing_base_rates.csv', 'm5_pairing_panel.csv', 'm5_unit_usage.csv', 'market_comparison.csv', 'market_devig_2026_27.csv', 'minutes_rank_curve.csv', 'morning_report_v2.masked.md', 'n2_path.csv', 'n2_round1_opponents.csv', 'n3_series_frame.csv', 'n3_team_features.csv', 'n3_translation_tests.csv', 'n3_translation_tests_posthoc.csv', 'n3_translation_tests_team_level.csv', 'n4_matchup_repeatability.csv', 'n4_min_matchups.csv', 'n4_versatility_index.csv', 'n5_fragility.csv', 'n5_fragility_AGED.csv', 'n5_next_man_up.csv', 'n5_next_man_up_AGED.csv', 'n6_gsw_analog.csv', 'n6_ledger.csv', 'n6_postseason.csv', 'n6_primary_defender.csv', 'n7_gates.csv', 'n7_late_clock_splits.csv', 'n8_watch_list.csv', 'n8_watch_list_champion_ranks.csv', 'n8_watch_list_december.csv', 'named_scenarios.csv', 'named_scenarios_NOCEILING.csv', 'named_scenarios_POOLED.csv', 'noise_floor.csv', 'noise_floor_AGED.csv', 'noise_floor_slot.csv', 'noise_floor_slot_AGED.csv', 'par_curves_by_fork.csv', 'piece_v2_skeleton.masked.md', 'player_option.csv', 'player_pool_2026_27.csv', 'r2_departures_absorbers.csv', 'r2_departures_players.csv', 'r2_departures_split_shapley.csv', 'r2_departures_split_shapley_verdicts.csv', 'r5_disagreements_bases.csv', 'r5_honesty_rail_bases.csv', 'r5_shapley_williams.csv', 'r5_shapley_williams_vall.csv', 'r5_shapley_williams_verdicts.csv', 'r7_allocator_slots.csv', 'r7_allocator_verdicts.csv', 'reconcile_skeleton.csv', 'render_keys_used.csv', 'rookie_priors.csv', 'roster_v2_gates.csv', 'roster_v2_gates.json', 'roster_v2_membership_diff.csv', 'roster_v3_gates.csv', 'roster_v3_gates.json', 'rotations_2026_27.csv', 'rotations_2026_27_NOCEILING.csv', 'scenario_fan.csv', 'scenario_fan_NOCEILING.csv', 'seed_distribution.csv', 'shapley_min.csv', 'shapley_min_NOCEILING.csv', 'shapley_min_POOLED.csv', 'shapley_order_spread.csv', 'shapley_order_spread_POOLED.csv', 'sim_all30_2026_27.csv', 'sim_all30_2026_27_NOCEILING.csv', 'sim_matchups_2026_27.csv', 'sim_roster_diff_v1_v3.csv', 'slot_alternatives.csv', 'slot_constrained.csv', 'slot_robustness.csv', 'spacing_table.csv', 'spacing_teams.csv', 'team_pool_shares.csv', 'team_state_diff_2026_27.csv', 'team_strengths_2026_27.csv', 'team_strengths_2026_27_NOCEILING.csv', 'w1_verdict_comparison.csv', 'w1c_delta_decomposition.csv', 'w2_aging_gate.csv', 'williams_minutes_sensitivity.csv']
[11:23:31] START adapt_roster_v3   
[11:23:33] adapt_roster_v3 rc=0
SAS    14
TOR    13
UTA    14
WAS    14
[11:23:33] START build_rotations   
[11:23:35] build_rotations rc=0
        7  Nah'Shon Hyland 17.46           0.78      16.58  player_value       1.0
        8    Cody Williams 16.08          -4.39      24.34  player_value       1.0
        9     Jaylen Clark 14.81           0.46      13.06  player_value       1.0
       10    Joan Beringer 10.85           2.84       7.85  player_value       1.0
[11:23:35] START build_strengths   
[11:23:38] build_strengths rc=0
GSW       -1.18      -3.80  -1.91 -4.03 -2.73
MEM       -3.03      -4.23  -0.98 -4.37 -3.15
LAC       -2.83      -4.13  -4.07 -3.82 -3.71
UTA       -4.29      -5.42  -0.41 -5.42 -3.88
[11:23:38] START run_sim   
